........................................................................ [ 76%]
......................                                                   [100%]
94 passed in 0.24s
